// Jest Snapshot v1, https://goo.gl/fbAQLP

exports[`Password Confirmation Form test renders Password Confirmation 1`] = `
Object {
  "asFragment": [Function],
  "baseElement": <body
    class="chakra-ui-light"
  >
    <div
      id="chakra-toast-portal"
    >
      <ul
        id="chakra-toast-manager-top"
        style="position: fixed; z-index: 5500; pointer-events: none; display: flex; flex-direction: column; margin: 0px auto;"
      />
      <ul
        id="chakra-toast-manager-top-left"
        style="position: fixed; z-index: 5500; pointer-events: none; display: flex; flex-direction: column;"
      />
      <ul
        id="chakra-toast-manager-top-right"
        style="position: fixed; z-index: 5500; pointer-events: none; display: flex; flex-direction: column;"
      />
      <ul
        id="chakra-toast-manager-bottom-left"
        style="position: fixed; z-index: 5500; pointer-events: none; display: flex; flex-direction: column;"
      />
      <ul
        id="chakra-toast-manager-bottom"
        style="position: fixed; z-index: 5500; pointer-events: none; display: flex; flex-direction: column; margin: 0px auto;"
      />
      <ul
        id="chakra-toast-manager-bottom-right"
        style="position: fixed; z-index: 5500; pointer-events: none; display: flex; flex-direction: column;"
      />
    </div>
    <div>
      <div
        class="css-l50gwe"
      >
        <header
          class="css-62ow20"
        >
          <div
            class="css-14s4iyf"
          >
            <div
              class="css-79elbk"
            >
              <span
                aria-label="1 is active"
                class="chakra-badge css-1aiadu4"
                role="status"
              >
                1
              </span>
            </div>
          </div>
        </header>
        <div
          class="css-h94677"
        >
          <section
            class="css-1vf38yy"
          >
            <h2
              class="chakra-heading css-1n7pa12"
            >
              Create your Password Manager
            </h2>
            <p
              class="chakra-text css-sula1c"
            >
              First, you must create a different password for your electronic belongings. You will not be able to recover your password, so remember it well.
            </p>
            <form>
              <div
                class="chakra-stack css-10bun6e"
              >
                <div
                  class="css-q7cxmg"
                >
                  <div
                    class="chakra-form-control css-1kxonj9"
                    role="group"
                  >
                    <label
                      class="chakra-form__label css-1bpd1fc"
                      for="password"
                      id="field-1-label"
                    >
                      Create your Master Password
                    </label>
                    <div
                      class="chakra-input__group css-4302v8"
                    >
                      <input
                        aria-label="password"
                        class="chakra-input css-155nkyn"
                        id="password"
                        name="password"
                        placeholder="Create your Master Password"
                        role="input"
                        type="password"
                        value=""
                      />
                      <div
                        class="chakra-input__right-element css-ohd79a"
                      >
                        <svg
                          class="chakra-icon css-13otjrl"
                          data-testid="eye-on"
                          fill="none"
                          focusable="false"
                          height="24"
                          stroke="currentColor"
                          stroke-linecap="round"
                          stroke-linejoin="round"
                          stroke-width="2"
                          viewBox="0 0 24 24"
                          width="24"
                          xmlns="http://www.w3.org/2000/svg"
                        >
                          <path
                            d="M1 12s4-8 11-8 11 8 11 8-4 8-11 8-11-8-11-8z"
                          />
                          <circle
                            cx="12"
                            cy="12"
                            r="3"
                          />
                        </svg>
                      </div>
                    </div>
                  </div>
                </div>
                <div
                  class="css-q7cxmg"
                >
                  <div
                    class="chakra-form-control css-1kxonj9"
                    role="group"
                  >
                    <label
                      class="chakra-form__label css-1bpd1fc"
                      for="passwordConfirmation"
                      id="field-2-label"
                    >
                      Repeat your Master Password
                    </label>
                    <div
                      class="chakra-input__group css-4302v8"
                    >
                      <input
                        aria-label="passwordConfirmation"
                        class="chakra-input css-155nkyn"
                        id="passwordConfirmation"
                        name="passwordConfirmation"
                        placeholder="Repeat your Master Password"
                        role="input"
                        type="password"
                        value=""
                      />
                      <div
                        class="chakra-input__right-element css-ohd79a"
                      >
                        <svg
                          class="chakra-icon css-13otjrl"
                          data-testid="eye-on"
                          fill="none"
                          focusable="false"
                          height="24"
                          stroke="currentColor"
                          stroke-linecap="round"
                          stroke-linejoin="round"
                          stroke-width="2"
                          viewBox="0 0 24 24"
                          width="24"
                          xmlns="http://www.w3.org/2000/svg"
                        >
                          <path
                            d="M1 12s4-8 11-8 11 8 11 8-4 8-11 8-11-8-11-8z"
                          />
                          <circle
                            cx="12"
                            cy="12"
                            r="3"
                          />
                        </svg>
                      </div>
                    </div>
                  </div>
                </div>
              </div>
              <div
                class="css-1mmvxjv"
              >
                <div
                  class="chakra-form-control css-1kxonj9"
                  role="group"
                >
                  <label
                    class="chakra-form__label css-1bpd1fc"
                    for="clue"
                    id="field-3-label"
                  >
                    Create your clue to remember your password (optional)
                    <svg
                      aria-label="Remember Password"
                      class="chakra-icon css-ehdjs0"
                      fill="none"
                      focusable="false"
                      height="24"
                      role="tooltip"
                      stroke="currentColor"
                      stroke-linecap="round"
                      stroke-linejoin="round"
                      stroke-width="2"
                      viewBox="0 0 24 24"
                      width="24"
                      xmlns="http://www.w3.org/2000/svg"
                    >
                      <circle
                        cx="12"
                        cy="12"
                        r="10"
                      />
                      <line
                        x1="12"
                        x2="12"
                        y1="16"
                        y2="12"
                      />
                      <line
                        x1="12"
                        x2="12.01"
                        y1="8"
                        y2="8"
                      />
                    </svg>
                  </label>
                  <div
                    class="chakra-input__group css-4302v8"
                  >
                    <input
                      aria-describedby="field-3-helptext"
                      aria-label="clue"
                      class="chakra-input css-155nkyn"
                      id="clue"
                      name="clue"
                      placeholder="Enter a clue"
                      role="input"
                      type="text"
                      value=""
                    />
                    <div
                      class="chakra-input__right-element css-ohd79a"
                    />
                  </div>
                  <div
                    class="chakra-form__helper-text css-19qd4o4"
                    id="field-3-helptext"
                  >
                    0/60
                  </div>
                </div>
              </div>
            </form>
            <div
              class="css-2qrmgs"
            >
              <footer
                class="css-1ry2npb"
              >
                <button
                  aria-label="prev-button"
                  class="chakra-button css-1t0rcyz"
                  disabled=""
                  type="button"
                >
                  Cancel
                </button>
                <button
                  aria-label="next-button"
                  class="chakra-button css-1t0rcyz"
                  disabled=""
                  type="button"
                >
                  Next
                </button>
              </footer>
            </div>
          </section>
        </div>
      </div>
    </div>
  </body>,
  "container": <div>
    <div
      class="css-l50gwe"
    >
      <header
        class="css-62ow20"
      >
        <div
          class="css-14s4iyf"
        >
          <div
            class="css-79elbk"
          >
            <span
              aria-label="1 is active"
              class="chakra-badge css-1aiadu4"
              role="status"
            >
              1
            </span>
          </div>
        </div>
      </header>
      <div
        class="css-h94677"
      >
        <section
          class="css-1vf38yy"
        >
          <h2
            class="chakra-heading css-1n7pa12"
          >
            Create your Password Manager
          </h2>
          <p
            class="chakra-text css-sula1c"
          >
            First, you must create a different password for your electronic belongings. You will not be able to recover your password, so remember it well.
          </p>
          <form>
            <div
              class="chakra-stack css-10bun6e"
            >
              <div
                class="css-q7cxmg"
              >
                <div
                  class="chakra-form-control css-1kxonj9"
                  role="group"
                >
                  <label
                    class="chakra-form__label css-1bpd1fc"
                    for="password"
                    id="field-1-label"
                  >
                    Create your Master Password
                  </label>
                  <div
                    class="chakra-input__group css-4302v8"
                  >
                    <input
                      aria-label="password"
                      class="chakra-input css-155nkyn"
                      id="password"
                      name="password"
                      placeholder="Create your Master Password"
                      role="input"
                      type="password"
                      value=""
                    />
                    <div
                      class="chakra-input__right-element css-ohd79a"
                    >
                      <svg
                        class="chakra-icon css-13otjrl"
                        data-testid="eye-on"
                        fill="none"
                        focusable="false"
                        height="24"
                        stroke="currentColor"
                        stroke-linecap="round"
                        stroke-linejoin="round"
                        stroke-width="2"
                        viewBox="0 0 24 24"
                        width="24"
                        xmlns="http://www.w3.org/2000/svg"
                      >
                        <path
                          d="M1 12s4-8 11-8 11 8 11 8-4 8-11 8-11-8-11-8z"
                        />
                        <circle
                          cx="12"
                          cy="12"
                          r="3"
                        />
                      </svg>
                    </div>
                  </div>
                </div>
              </div>
              <div
                class="css-q7cxmg"
              >
                <div
                  class="chakra-form-control css-1kxonj9"
                  role="group"
                >
                  <label
                    class="chakra-form__label css-1bpd1fc"
                    for="passwordConfirmation"
                    id="field-2-label"
                  >
                    Repeat your Master Password
                  </label>
                  <div
                    class="chakra-input__group css-4302v8"
                  >
                    <input
                      aria-label="passwordConfirmation"
                      class="chakra-input css-155nkyn"
                      id="passwordConfirmation"
                      name="passwordConfirmation"
                      placeholder="Repeat your Master Password"
                      role="input"
                      type="password"
                      value=""
                    />
                    <div
                      class="chakra-input__right-element css-ohd79a"
                    >
                      <svg
                        class="chakra-icon css-13otjrl"
                        data-testid="eye-on"
                        fill="none"
                        focusable="false"
                        height="24"
                        stroke="currentColor"
                        stroke-linecap="round"
                        stroke-linejoin="round"
                        stroke-width="2"
                        viewBox="0 0 24 24"
                        width="24"
                        xmlns="http://www.w3.org/2000/svg"
                      >
                        <path
                          d="M1 12s4-8 11-8 11 8 11 8-4 8-11 8-11-8-11-8z"
                        />
                        <circle
                          cx="12"
                          cy="12"
                          r="3"
                        />
                      </svg>
                    </div>
                  </div>
                </div>
              </div>
            </div>
            <div
              class="css-1mmvxjv"
            >
              <div
                class="chakra-form-control css-1kxonj9"
                role="group"
              >
                <label
                  class="chakra-form__label css-1bpd1fc"
                  for="clue"
                  id="field-3-label"
                >
                  Create your clue to remember your password (optional)
                  <svg
                    aria-label="Remember Password"
                    class="chakra-icon css-ehdjs0"
                    fill="none"
                    focusable="false"
                    height="24"
                    role="tooltip"
                    stroke="currentColor"
                    stroke-linecap="round"
                    stroke-linejoin="round"
                    stroke-width="2"
                    viewBox="0 0 24 24"
                    width="24"
                    xmlns="http://www.w3.org/2000/svg"
                  >
                    <circle
                      cx="12"
                      cy="12"
                      r="10"
                    />
                    <line
                      x1="12"
                      x2="12"
                      y1="16"
                      y2="12"
                    />
                    <line
                      x1="12"
                      x2="12.01"
                      y1="8"
                      y2="8"
                    />
                  </svg>
                </label>
                <div
                  class="chakra-input__group css-4302v8"
                >
                  <input
                    aria-describedby="field-3-helptext"
                    aria-label="clue"
                    class="chakra-input css-155nkyn"
                    id="clue"
                    name="clue"
                    placeholder="Enter a clue"
                    role="input"
                    type="text"
                    value=""
                  />
                  <div
                    class="chakra-input__right-element css-ohd79a"
                  />
                </div>
                <div
                  class="chakra-form__helper-text css-19qd4o4"
                  id="field-3-helptext"
                >
                  0/60
                </div>
              </div>
            </div>
          </form>
          <div
            class="css-2qrmgs"
          >
            <footer
              class="css-1ry2npb"
            >
              <button
                aria-label="prev-button"
                class="chakra-button css-1t0rcyz"
                disabled=""
                type="button"
              >
                Cancel
              </button>
              <button
                aria-label="next-button"
                class="chakra-button css-1t0rcyz"
                disabled=""
                type="button"
              >
                Next
              </button>
            </footer>
          </div>
        </section>
      </div>
    </div>
  </div>,
  "debug": [Function],
  "findAllByAltText": [Function],
  "findAllByDisplayValue": [Function],
  "findAllByLabelText": [Function],
  "findAllByPlaceholderText": [Function],
  "findAllByRole": [Function],
  "findAllByTestId": [Function],
  "findAllByText": [Function],
  "findAllByTitle": [Function],
  "findByAltText": [Function],
  "findByDisplayValue": [Function],
  "findByLabelText": [Function],
  "findByPlaceholderText": [Function],
  "findByRole": [Function],
  "findByTestId": [Function],
  "findByText": [Function],
  "findByTitle": [Function],
  "getAllByAltText": [Function],
  "getAllByDisplayValue": [Function],
  "getAllByLabelText": [Function],
  "getAllByPlaceholderText": [Function],
  "getAllByRole": [Function],
  "getAllByTestId": [Function],
  "getAllByText": [Function],
  "getAllByTitle": [Function],
  "getByAltText": [Function],
  "getByDisplayValue": [Function],
  "getByLabelText": [Function],
  "getByPlaceholderText": [Function],
  "getByRole": [Function],
  "getByTestId": [Function],
  "getByText": [Function],
  "getByTitle": [Function],
  "queryAllByAltText": [Function],
  "queryAllByDisplayValue": [Function],
  "queryAllByLabelText": [Function],
  "queryAllByPlaceholderText": [Function],
  "queryAllByRole": [Function],
  "queryAllByTestId": [Function],
  "queryAllByText": [Function],
  "queryAllByTitle": [Function],
  "queryByAltText": [Function],
  "queryByDisplayValue": [Function],
  "queryByLabelText": [Function],
  "queryByPlaceholderText": [Function],
  "queryByRole": [Function],
  "queryByTestId": [Function],
  "queryByText": [Function],
  "queryByTitle": [Function],
  "rerender": [Function],
  "unmount": [Function],
}
`;
