// Jest Snapshot v1, https://goo.gl/fbAQLP

exports[`Response Status test renders Response Status 1`] = `
Object {
  "asFragment": [Function],
  "baseElement": <body
    class="chakra-ui-light"
  >
    <div
      id="chakra-toast-portal"
    >
      <ul
        id="chakra-toast-manager-top"
        style="position: fixed; z-index: 5500; pointer-events: none; display: flex; flex-direction: column; margin: 0px auto;"
      />
      <ul
        id="chakra-toast-manager-top-left"
        style="position: fixed; z-index: 5500; pointer-events: none; display: flex; flex-direction: column;"
      />
      <ul
        id="chakra-toast-manager-top-right"
        style="position: fixed; z-index: 5500; pointer-events: none; display: flex; flex-direction: column;"
      />
      <ul
        id="chakra-toast-manager-bottom-left"
        style="position: fixed; z-index: 5500; pointer-events: none; display: flex; flex-direction: column;"
      />
      <ul
        id="chakra-toast-manager-bottom"
        style="position: fixed; z-index: 5500; pointer-events: none; display: flex; flex-direction: column; margin: 0px auto;"
      />
      <ul
        id="chakra-toast-manager-bottom-right"
        style="position: fixed; z-index: 5500; pointer-events: none; display: flex; flex-direction: column;"
      />
    </div>
    <div>
      <div
        class="css-thupkg"
      >
        <div
          class="css-13l47xf"
        >
          <div
            class="css-dq00q9"
          >
            <svg
              class="chakra-icon css-qelcgd"
              focusable="false"
              viewBox="0 0 24 24"
            >
              <g
                stroke="currentColor"
                stroke-width="1.5"
              >
                <path
                  d="M9,9a3,3,0,1,1,4,2.829,1.5,1.5,0,0,0-1,1.415V14.25"
                  fill="none"
                  stroke-linecap="round"
                />
                <path
                  d="M12,17.25a.375.375,0,1,0,.375.375A.375.375,0,0,0,12,17.25h0"
                  fill="currentColor"
                  stroke-linecap="round"
                />
                <circle
                  cx="12"
                  cy="12"
                  fill="none"
                  r="11.25"
                  stroke-miterlimit="10"
                />
              </g>
            </svg>
            <div
              class="css-1t4in65"
            >
              <h4
                class="chakra-heading css-7n4zlk"
              >
                There was an error
              </h4>
              <p
                class="chakra-text css-13wg21h"
              >
                We could not modified your Master Password, try again later
              </p>
            </div>
          </div>
        </div>
      </div>
      <footer
        class="css-teiq65"
      >
        <button
          aria-label="next-button"
          class="chakra-button css-1on1g6e"
          type="button"
        >
          Back to Password Manager
        </button>
      </footer>
    </div>
  </body>,
  "container": <div>
    <div
      class="css-thupkg"
    >
      <div
        class="css-13l47xf"
      >
        <div
          class="css-dq00q9"
        >
          <svg
            class="chakra-icon css-qelcgd"
            focusable="false"
            viewBox="0 0 24 24"
          >
            <g
              stroke="currentColor"
              stroke-width="1.5"
            >
              <path
                d="M9,9a3,3,0,1,1,4,2.829,1.5,1.5,0,0,0-1,1.415V14.25"
                fill="none"
                stroke-linecap="round"
              />
              <path
                d="M12,17.25a.375.375,0,1,0,.375.375A.375.375,0,0,0,12,17.25h0"
                fill="currentColor"
                stroke-linecap="round"
              />
              <circle
                cx="12"
                cy="12"
                fill="none"
                r="11.25"
                stroke-miterlimit="10"
              />
            </g>
          </svg>
          <div
            class="css-1t4in65"
          >
            <h4
              class="chakra-heading css-7n4zlk"
            >
              There was an error
            </h4>
            <p
              class="chakra-text css-13wg21h"
            >
              We could not modified your Master Password, try again later
            </p>
          </div>
        </div>
      </div>
    </div>
    <footer
      class="css-teiq65"
    >
      <button
        aria-label="next-button"
        class="chakra-button css-1on1g6e"
        type="button"
      >
        Back to Password Manager
      </button>
    </footer>
  </div>,
  "debug": [Function],
  "findAllByAltText": [Function],
  "findAllByDisplayValue": [Function],
  "findAllByLabelText": [Function],
  "findAllByPlaceholderText": [Function],
  "findAllByRole": [Function],
  "findAllByTestId": [Function],
  "findAllByText": [Function],
  "findAllByTitle": [Function],
  "findByAltText": [Function],
  "findByDisplayValue": [Function],
  "findByLabelText": [Function],
  "findByPlaceholderText": [Function],
  "findByRole": [Function],
  "findByTestId": [Function],
  "findByText": [Function],
  "findByTitle": [Function],
  "getAllByAltText": [Function],
  "getAllByDisplayValue": [Function],
  "getAllByLabelText": [Function],
  "getAllByPlaceholderText": [Function],
  "getAllByRole": [Function],
  "getAllByTestId": [Function],
  "getAllByText": [Function],
  "getAllByTitle": [Function],
  "getByAltText": [Function],
  "getByDisplayValue": [Function],
  "getByLabelText": [Function],
  "getByPlaceholderText": [Function],
  "getByRole": [Function],
  "getByTestId": [Function],
  "getByText": [Function],
  "getByTitle": [Function],
  "queryAllByAltText": [Function],
  "queryAllByDisplayValue": [Function],
  "queryAllByLabelText": [Function],
  "queryAllByPlaceholderText": [Function],
  "queryAllByRole": [Function],
  "queryAllByTestId": [Function],
  "queryAllByText": [Function],
  "queryAllByTitle": [Function],
  "queryByAltText": [Function],
  "queryByDisplayValue": [Function],
  "queryByLabelText": [Function],
  "queryByPlaceholderText": [Function],
  "queryByRole": [Function],
  "queryByTestId": [Function],
  "queryByText": [Function],
  "queryByTitle": [Function],
  "rerender": [Function],
  "unmount": [Function],
}
`;
